
> whygram@1.0.0 build
> vite build

vite v6.4.3 building for production...
transforming...
✓ 1027 modules transformed.
✗ Build failed in 20.62s
error during build:
src/widgets/posts/post-card/PostCard.jsx (2:7): "default" is not exported by "src/features/follow/followsApi.js", imported by "src/widgets/posts/post-card/PostCard.jsx".
file: /home/bakhtovar/Рабочий стол/whygram.com/src/widgets/posts/post-card/PostCard.jsx:2:7

1: import { formatCount } from "../../../shared/lib/formatCount";
2: import FollowButton from "../../../features/follow/followsApi";
          ^
3: const PostCard = function PostCard({
4:   post,

    at getRollupError (file:///home/bakhtovar/%D0%A0%D0%B0%D0%B1%D0%BE%D1%87%D0%B8%D0%B9%20%D1%81%D1%82%D0%BE%D0%BB/whygram.com/node_modules/rollup/dist/es/shared/parseAst.js:317:41)
    at error (file:///home/bakhtovar/%D0%A0%D0%B0%D0%B1%D0%BE%D1%87%D0%B8%D0%B9%20%D1%81%D1%82%D0%BE%D0%BB/whygram.com/node_modules/rollup/dist/es/shared/parseAst.js:313:42)
    at Module.error (file:///home/bakhtovar/%D0%A0%D0%B0%D0%B1%D0%BE%D1%87%D0%B8%D0%B9%20%D1%81%D1%82%D0%BE%D0%BB/whygram.com/node_modules/rollup/dist/es/shared/node-entry.js:17154:16)
    at Module.traceVariable (file:///home/bakhtovar/%D0%A0%D0%B0%D0%B1%D0%BE%D1%87%D0%B8%D0%B9%20%D1%81%D1%82%D0%BE%D0%BB/whygram.com/node_modules/rollup/dist/es/shared/node-entry.js:17587:29)
    at ModuleScope.findVariable (file:///home/bakhtovar/%D0%A0%D0%B0%D0%B1%D0%BE%D1%87%D0%B8%D0%B9%20%D1%81%D1%82%D0%BE%D0%BB/whygram.com/node_modules/rollup/dist/es/shared/node-entry.js:15177:39)
    at ChildScope.findVariable (file:///home/bakhtovar/%D0%A0%D0%B0%D0%B1%D0%BE%D1%87%D0%B8%D0%B9%20%D1%81%D1%82%D0%BE%D0%BB/whygram.com/node_modules/rollup/dist/es/shared/node-entry.js:5397:38)
    at FunctionScope.findVariable (file:///home/bakhtovar/%D0%A0%D0%B0%D0%B1%D0%BE%D1%87%D0%B8%D0%B9%20%D1%81%D1%82%D0%BE%D0%BB/whygram.com/node_modules/rollup/dist/es/shared/node-entry.js:5397:38)
    at FunctionBodyScope.findVariable (file:///home/bakhtovar/%D0%A0%D0%B0%D0%B1%D0%BE%D1%87%D0%B8%D0%B9%20%D1%81%D1%82%D0%BE%D0%BB/whygram.com/node_modules/rollup/dist/es/shared/node-entry.js:5397:38)
    at Identifier.bind (file:///home/bakhtovar/%D0%A0%D0%B0%D0%B1%D0%BE%D1%87%D0%B8%D0%B9%20%D1%81%D1%82%D0%BE%D0%BB/whygram.com/node_modules/rollup/dist/es/shared/node-entry.js:5164:40)
    at CallExpression.bind (file:///home/bakhtovar/%D0%A0%D0%B0%D0%B1%D0%BE%D1%87%D0%B8%D0%B9%20%D1%81%D1%82%D0%BE%D0%BB/whygram.com/node_modules/rollup/dist/es/shared/node-entry.js:2542:28)
